Microchip MPLAB XC8 Compiler V2.10 ()

Linker command line:

-W-3 --edf=C:\Program Files (x86)\Microchip\xc8\v2.10\pic\dat\en_msgs.txt \
  -cs -h+dist/default/production\Lab2_ver2.X.production.sym \
  --cmf=dist/default/production\Lab2_ver2.X.production.cmf -z -Q16F887 \
  -oC:\Users\Peter\AppData\Local\Temp\shh0.2 --defsym=__MPLAB_BUILD=1 \
  -Mdist/default/production/Lab2_ver2.X.production.map -E1 -ver=XC8 \
  --acfsm=1493 -ASTACK=0110h-016Fh -pstack=STACK -ACODE=00h-07FFhx4 \
  -ASTRCODE=00h-01FFFh -ASTRING=00h-0FFhx32 -ACONST=00h-0FFhx32 \
  -AENTRY=00h-0FFhx32 -ACOMMON=070h-07Fh -ABANK0=020h-06Fh \
  -ABANK1=0A0h-0EFh -ABANK2=0110h-016Fh -ABANK3=0190h-01EFh \
  -ARAM=020h-06Fh,0A0h-0EFh,0110h-016Fh,0190h-01EFh \
  -AABS1=020h-07Fh,0A0h-0EFh,0110h-016Fh,0190h-01EFh -ASFR0=00h-01Fh \
  -ASFR1=080h-09Fh -ASFR2=0100h-010Fh -ASFR3=0180h-018Fh \
  -preset_vec=00h,intentry=04h,init,end_init -ppowerup=CODE -pcinit=CODE \
  -pfunctab=ENTRY -ACONFIG=02007h-02008h -pconfig=CONFIG -DCONFIG=2 \
  -AIDLOC=02000h-02003h -pidloc=IDLOC -DIDLOC=2 -AEEDATA=00h-0FFh/02100h \
  -peeprom_data=EEDATA -DEEDATA=2 -DCODE=2 -DSTRCODE=2 -DSTRING=2 -DCONST=2 \
  -DENTRY=2 -k C:\Users\Peter\AppData\Local\Temp\shh0.o \
  dist/default/production\Lab2_ver2.X.production.o 

Object code version is 3.11

Machine type is 16F887



                Name                               Link     Load   Length Selector   Space Scale
C:\Users\Peter\AppData\Local\Temp\shh0.o
                end_init                              E        E        3        8       0
                reset_vec                             0        0        3        0       0
                config                             2007     2007        2     400E       0
dist/default/production\Lab2_ver2.X.production.o
                cinit                                11       11       18        8       0
                intentry                              4        4        A        8       0
                text10                               29       29       8E        8       0
                text9                               12E      12E       69        8       0
                text8                               27E      27E       1F        8       0
                text7                               2C0      2C0        A        8       0
                text6                               197      197       55        8       0
                text5                               23B      23B       43        8       0
                text4                               2CA      2CA        8        8       0
                text3                                B7       B7       77        8       0
                text2                               29D      29D       14        8       0
                text1                               2B1      2B1        F        8       0
                maintext                            1EC      1EC       4F        8       0
                cstackBANK0                          2E       2E        4       20       1
                cstackCOMMON                         70       70        9       70       1
                bssBANK0                             20       20        E       20       1
                bssCOMMON                            79       79        4       70       1

TOTAL           Name                               Link     Load   Length     Space
        CLASS   STACK          

        CLASS   CODE           
                end_init                              E        E        3         0
                cinit                                11       11       18         0
                intentry                              4        4        A         0
                reset_vec                             0        0        3         0
                text10                               29       29       8E         0
                text9                               12E      12E       69         0
                text8                               27E      27E       1F         0
                text7                               2C0      2C0        A         0
                text6                               197      197       55         0
                text5                               23B      23B       43         0
                text4                               2CA      2CA        8         0
                text3                                B7       B7       77         0
                text2                               29D      29D       14         0
                text1                               2B1      2B1        F         0
                maintext                            1EC      1EC       4F         0

        CLASS   STRCODE        

        CLASS   STRING         

        CLASS   CONST          

        CLASS   ENTRY          

        CLASS   COMMON         
                cstackCOMMON                         70       70        9         1
                bssCOMMON                            79       79        4         1

        CLASS   BANK0          
                cstackBANK0                          2E       2E        4         1
                bssBANK0                             20       20        E         1

        CLASS   BANK1          

        CLASS   BANK2          

        CLASS   BANK3          

        CLASS   RAM            

        CLASS   ABS1           
                abs_s1                               7E       7E        2         1

        CLASS   SFR0           

        CLASS   SFR1           

        CLASS   SFR2           

        CLASS   SFR3           

        CLASS   CONFIG         
                config                             2007     2007        2         0

        CLASS   IDLOC          

        CLASS   EEDATA         



SEGMENTS        Name                           Load    Length   Top    Selector   Space  Class     Delta

                reset_vec                      000000  000003  000003         0       0  CODE        2
                intentry                       000004  0002CE  0002D2         8       0  CODE        2
                bssBANK0                       000020  000012  000032        20       1  BANK0       1
                cstackCOMMON                   000070  00000D  00007D        70       1  COMMON      1
                config                         002007  000002  002009      400E       0  CONFIG      2


UNUSED ADDRESS RANGES

        Name                Unused          Largest block    Delta
        BANK0            0032-006F             3E           1
        BANK1            00A0-00EF             50           1
        BANK2            0110-016F             60           1
        BANK3            0190-01EF             60           1
        CODE             0003-0003              1           2
                         02D2-1FFF            800
        COMMON           007D-007D              1           1
        CONST            0003-0003              1           2
                         02D2-1FFF            100
        EEDATA           2100-21FF            100           2
        ENTRY            0003-0003              1           2
                         02D2-1FFF            100
        IDLOC            2000-2003              4           2
        RAM              0032-006F             3E           1
                         00A0-00EF             50
                         0110-016F             60
                         0190-01EF             60
        SFR0             0000-001F             20           1
        SFR1             0080-009F             20           1
        SFR2             0100-010F             10           1
        SFR3             0180-018F             10           1
        STACK            0110-016F             60           1
        STRCODE          0003-0003              1           2
                         02D2-1FFF           1D2E
        STRING           0003-0003              1           2
                         02D2-1FFF            100

                                  Symbol Table

_ADCON0bits               (abs)        001F
_ADCON1bits               (abs)        009F
_ADRESH                   (abs)        001E
_ANSEL                    (abs)        0188
_ANSELH                   (abs)        0189
_INTCONbits               (abs)        000B
_IOCB                     (abs)        0096
_OPTION_REGbits           (abs)        0081
_OSCCONbits               (abs)        008F
_PIE1bits                 (abs)        008C
_PIR1bits                 (abs)        000C
_PORTA                    (abs)        0005
_PORTB                    (abs)        0006
_PORTBbits                (abs)        0006
_PORTC                    (abs)        0007
_PORTCbits                (abs)        0007
_PORTD                    (abs)        0008
_TMR0                     (abs)        0001
_TRISA                    (abs)        0085
_TRISB                    (abs)        0086
_TRISC                    (abs)        0087
_TRISD                    (abs)        0088
__CFG_BOR4V$BOR40V        (abs)        0000
__CFG_BOREN$OFF           (abs)        0000
__CFG_CP$OFF              (abs)        0000
__CFG_CPD$OFF             (abs)        0000
__CFG_FCMEN$OFF           (abs)        0000
__CFG_FOSC$INTRC_NOCLKOUT (abs)        0000
__CFG_IESO$OFF            (abs)        0000
__CFG_LVP$OFF             (abs)        0000
__CFG_MCLRE$OFF           (abs)        0000
__CFG_PWRTE$OFF           (abs)        0000
__CFG_WDTE$OFF            (abs)        0000
__CFG_WRT$OFF             (abs)        0000
__Habs1                   abs1         0000
__Hbank0                  bank0        0000
__Hbank1                  bank1        0000
__Hbank2                  bank2        0000
__Hbank3                  bank3        0000
__HbssBANK0               bssBANK0     0000
__HbssCOMMON              bssCOMMON    0000
__Hcinit                  cinit        0029
__Hclrtext                clrtext      0000
__Hcode                   code         0000
__Hcommon                 common       0000
__Hconfig                 config       2009
__HcstackBANK0            cstackBANK0  0000
__HcstackCOMMON           cstackCOMMON 0000
__Heeprom_data            eeprom_data  0000
__Hend_init               end_init     0011
__Hfunctab                functab      0000
__Hidloc                  idloc        0000
__Hinit                   init         000E
__Hintentry               intentry     000E
__Hmaintext               maintext     0000
__Hpowerup                powerup      0000
__Hram                    ram          0000
__Hreset_vec              reset_vec    0003
__Hsfr0                   sfr0         0000
__Hsfr1                   sfr1         0000
__Hsfr2                   sfr2         0000
__Hsfr3                   sfr3         0000
__Hspace_0                (abs)        2009
__Hspace_1                (abs)        007D
__Hspace_2                (abs)        0000
__Hspace_3                (abs)        0000
__Hstack                  stack        0000
__Hstrings                strings      0000
__Htext                   text         0000
__Labs1                   abs1         0000
__Lbank0                  bank0        0000
__Lbank1                  bank1        0000
__Lbank2                  bank2        0000
__Lbank3                  bank3        0000
__LbssBANK0               bssBANK0     0000
__LbssCOMMON              bssCOMMON    0000
__Lcinit                  cinit        0011
__Lclrtext                clrtext      0000
__Lcode                   code         0000
__Lcommon                 common       0000
__Lconfig                 config       2007
__LcstackBANK0            cstackBANK0  0000
__LcstackCOMMON           cstackCOMMON 0000
__Leeprom_data            eeprom_data  0000
__Lend_init               end_init     000E
__Lfunctab                functab      0000
__Lidloc                  idloc        0000
__Linit                   init         000E
__Lintentry               intentry     0004
__Lmaintext               maintext     0000
__Lpowerup                powerup      0000
__Lram                    ram          0000
__Lreset_vec              reset_vec    0000
__Lsfr0                   sfr0         0000
__Lsfr1                   sfr1         0000
__Lsfr2                   sfr2         0000
__Lsfr3                   sfr3         0000
__Lspace_0                (abs)        0000
__Lspace_1                (abs)        0000
__Lspace_2                (abs)        0000
__Lspace_3                (abs)        0000
__Lstack                  stack        0000
__Lstrings                strings      0000
__Ltext                   text         0000
__S0                      (abs)        2009
__S1                      (abs)        007D
__S2                      (abs)        0000
__S3                      (abs)        0000
___int_sp                 stack        0000
___latbits                (abs)        0002
___sp                     stack        0000
___stackhi                (abs)        0000
___stacklo                (abs)        0000
__end_of__initialization  cinit        0025
__end_of_adcFoscSel       text8        029D
__end_of_adcSetup         text7        02CA
__end_of_analogInSel      text6        01EC
__end_of_delay_ms         text5        027E
__end_of_intEnable        text4        02D2
__end_of_isr              text9        0197
__end_of_lookup           text10       00B7
__end_of_main             maintext     023B
__end_of_oscInt           text3        012E
__end_of_setup            text2        02B1
__end_of_timerSetup       text1        02C0
__initialization          cinit        0011
__pbssBANK0               bssBANK0     0020
__pbssCOMMON              bssCOMMON    0079
__pcstackBANK0            cstackBANK0  002E
__pcstackCOMMON           cstackCOMMON 0070
__pintentry               intentry     0004
__pmaintext               maintext     01EC
__ptext1                  text1        02B1
__ptext10                 text10       0029
__ptext2                  text2        029D
__ptext3                  text3        00B7
__ptext4                  text4        02CA
__ptext5                  text5        023B
__ptext6                  text6        0197
__ptext7                  text7        02C0
__ptext8                  text8        027E
__ptext9                  text9        012E
__size_of_adcFoscSel      (abs)        0000
__size_of_adcSetup        (abs)        0000
__size_of_analogInSel     (abs)        0000
__size_of_delay_ms        (abs)        0000
__size_of_intEnable       (abs)        0000
__size_of_isr             (abs)        0000
__size_of_lookup          (abs)        0000
__size_of_main            (abs)        0000
__size_of_oscInt          (abs)        0000
__size_of_setup           (abs)        0000
__size_of_timerSetup      (abs)        0000
_adcFoscSel               text8        027E
_adcSetup                 text7        02C0
_analogInSel              text6        0197
_contador                 bssBANK0     0024
_contador2                bssBANK0     0022
_delay_ms                 text5        023B
_i                        bssCOMMON    007B
_intB0                    bssBANK0     0028
_intB1                    bssBANK0     0026
_intEnable                text4        02CA
_isr                      text9        012E
_j                        bssCOMMON    0079
_lookup                   text10       0029
_main                     maintext     01EC
_oscInt                   text3        00B7
_res                      bssBANK0     002C
_res2                     bssBANK0     002A
_setup                    text2        029D
_timerSetup               text1        02B1
adcFoscSel@fosc           cstackBANK0  0030
analogInSel@analogIn      cstackBANK0  0030
btemp                     (abs)        007E
end_of_initialization     cinit        0025
interrupt_function        intentry     0004
intlevel0                 functab      0000
intlevel1                 functab      0000
intlevel2                 functab      0000
intlevel3                 functab      0000
intlevel4                 functab      0000
intlevel5                 functab      0000
lookup@num                cstackCOMMON 0072
oscInt@osc                cstackBANK0  0030
reset_vec                 reset_vec    0000
saved_w                   (abs)        007E
start                     init         000E
start_initialization      cinit        0011
wtemp0                    (abs)        007E


FUNCTION INFORMATION:

 *************** function _main *****************
 Defined at:
		line 84 in file "Lab2_ver2.c"
 Parameters:    Size  Location     Type
		None
 Auto vars:     Size  Location     Type
		None
 Return value:  Size  Location     Type
                  1    wreg      void 
 Registers used:
		wreg, fsr0l, fsr0h, status,2, status,0, btemp+1, pclath, cstack
 Tracked objects:
		On entry : 
		On exit  : 
		Unchanged: 
 Data sizes:     COMMON   BANK0   BANK1   BANK3   BANK2
      Params:         0       0       0       0       0
      Locals:         0       0       0       0       0
      Temps:          0       1       0       0       0
      Totals:         0       1       0       0       0
Total ram usage:        1 bytes
 Hardware stack levels required when called:    3
 This function calls:
		_adcFoscSel
		_adcSetup
		_analogInSel
		_delay_ms
		_intEnable
		_oscInt
		_setup
		_timerSetup
 This function is called by:
		Startup code after reset
 This function uses a non-reentrant model


 *************** function _timerSetup *****************
 Defined at:
		line 140 in file "Lab2_ver2.c"
 Parameters:    Size  Location     Type
		None
 Auto vars:     Size  Location     Type
		None
 Return value:  Size  Location     Type
                  1    wreg      void 
 Registers used:
		wreg
 Tracked objects:
		On entry : 
		On exit  : 
		Unchanged: 
 Data sizes:     COMMON   BANK0   BANK1   BANK3   BANK2
      Params:         0       0       0       0       0
      Locals:         0       0       0       0       0
      Temps:          0       0       0       0       0
      Totals:         0       0       0       0       0
Total ram usage:        0 bytes
 Hardware stack levels used:    1
 Hardware stack levels required when called:    2
 This function calls:
		Nothing
 This function is called by:
		_main
 This function uses a non-reentrant model


 *************** function _setup *****************
 Defined at:
		line 120 in file "Lab2_ver2.c"
 Parameters:    Size  Location     Type
		None
 Auto vars:     Size  Location     Type
		None
 Return value:  Size  Location     Type
                  1    wreg      void 
 Registers used:
		wreg, status,2
 Tracked objects:
		On entry : 
		On exit  : 
		Unchanged: 
 Data sizes:     COMMON   BANK0   BANK1   BANK3   BANK2
      Params:         0       0       0       0       0
      Locals:         0       0       0       0       0
      Temps:          0       0       0       0       0
      Totals:         0       0       0       0       0
Total ram usage:        0 bytes
 Hardware stack levels used:    1
 Hardware stack levels required when called:    2
 This function calls:
		Nothing
 This function is called by:
		_main
 This function uses a non-reentrant model


 *************** function _oscInt *****************
 Defined at:
		line 11 in file "lib_osccon.c"
 Parameters:    Size  Location     Type
  osc             1    wreg     unsigned char 
 Auto vars:     Size  Location     Type
  osc             1    2[BANK0 ] unsigned char 
 Return value:  Size  Location     Type
                  1    wreg      unsigned char 
 Registers used:
		wreg, fsr0l, fsr0h, status,2, status,0
 Tracked objects:
		On entry : 
		On exit  : 
		Unchanged: 
 Data sizes:     COMMON   BANK0   BANK1   BANK3   BANK2
      Params:         0       0       0       0       0
      Locals:         0       1       0       0       0
      Temps:          0       2       0       0       0
      Totals:         0       3       0       0       0
Total ram usage:        3 bytes
 Hardware stack levels used:    1
 Hardware stack levels required when called:    2
 This function calls:
		Nothing
 This function is called by:
		_main
 This function uses a non-reentrant model


 *************** function _intEnable *****************
 Defined at:
		line 133 in file "Lab2_ver2.c"
 Parameters:    Size  Location     Type
		None
 Auto vars:     Size  Location     Type
		None
 Return value:  Size  Location     Type
                  1    wreg      void 
 Registers used:
		wreg
 Tracked objects:
		On entry : 
		On exit  : 
		Unchanged: 
 Data sizes:     COMMON   BANK0   BANK1   BANK3   BANK2
      Params:         0       0       0       0       0
      Locals:         0       0       0       0       0
      Temps:          0       0       0       0       0
      Totals:         0       0       0       0       0
Total ram usage:        0 bytes
 Hardware stack levels used:    1
 Hardware stack levels required when called:    2
 This function calls:
		Nothing
 This function is called by:
		_main
 This function uses a non-reentrant model


 *************** function _delay_ms *****************
 Defined at:
		line 111 in file "Lab2_ver2.c"
 Parameters:    Size  Location     Type
		None
 Auto vars:     Size  Location     Type
		None
 Return value:  Size  Location     Type
                  1    wreg      void 
 Registers used:
		wreg, status,2, btemp+1
 Tracked objects:
		On entry : 
		On exit  : 
		Unchanged: 
 Data sizes:     COMMON   BANK0   BANK1   BANK3   BANK2
      Params:         0       0       0       0       0
      Locals:         0       0       0       0       0
      Temps:          0       2       0       0       0
      Totals:         0       2       0       0       0
Total ram usage:        2 bytes
 Hardware stack levels used:    1
 Hardware stack levels required when called:    2
 This function calls:
		Nothing
 This function is called by:
		_main
 This function uses a non-reentrant model


 *************** function _analogInSel *****************
 Defined at:
		line 20 in file "lib_adc.c"
 Parameters:    Size  Location     Type
  analogIn        1    wreg     unsigned char 
 Auto vars:     Size  Location     Type
  analogIn        1    2[BANK0 ] unsigned char 
 Return value:  Size  Location     Type
                  1    wreg      unsigned char 
 Registers used:
		wreg, fsr0l, fsr0h, status,2, status,0
 Tracked objects:
		On entry : 
		On exit  : 
		Unchanged: 
 Data sizes:     COMMON   BANK0   BANK1   BANK3   BANK2
      Params:         0       0       0       0       0
      Locals:         0       1       0       0       0
      Temps:          0       2       0       0       0
      Totals:         0       3       0       0       0
Total ram usage:        3 bytes
 Hardware stack levels used:    1
 Hardware stack levels required when called:    2
 This function calls:
		Nothing
 This function is called by:
		_main
 This function uses a non-reentrant model


 *************** function _adcSetup *****************
 Defined at:
		line 12 in file "lib_adc.c"
 Parameters:    Size  Location     Type
		None
 Auto vars:     Size  Location     Type
		None
 Return value:  Size  Location     Type
                  1    wreg      void 
 Registers used:
		None
 Tracked objects:
		On entry : 
		On exit  : 
		Unchanged: 
 Data sizes:     COMMON   BANK0   BANK1   BANK3   BANK2
      Params:         0       0       0       0       0
      Locals:         0       0       0       0       0
      Temps:          0       0       0       0       0
      Totals:         0       0       0       0       0
Total ram usage:        0 bytes
 Hardware stack levels used:    1
 Hardware stack levels required when called:    2
 This function calls:
		Nothing
 This function is called by:
		_main
 This function uses a non-reentrant model


 *************** function _adcFoscSel *****************
 Defined at:
		line 96 in file "lib_adc.c"
 Parameters:    Size  Location     Type
  fosc            1    wreg     unsigned char 
 Auto vars:     Size  Location     Type
  fosc            1    2[BANK0 ] unsigned char 
 Return value:  Size  Location     Type
                  1    wreg      unsigned char 
 Registers used:
		wreg, fsr0l, fsr0h, status,2, status,0
 Tracked objects:
		On entry : 
		On exit  : 
		Unchanged: 
 Data sizes:     COMMON   BANK0   BANK1   BANK3   BANK2
      Params:         0       0       0       0       0
      Locals:         0       1       0       0       0
      Temps:          0       2       0       0       0
      Totals:         0       3       0       0       0
Total ram usage:        3 bytes
 Hardware stack levels used:    1
 Hardware stack levels required when called:    2
 This function calls:
		Nothing
 This function is called by:
		_main
 This function uses a non-reentrant model


 *************** function _isr *****************
 Defined at:
		line 50 in file "Lab2_ver2.c"
 Parameters:    Size  Location     Type
		None
 Auto vars:     Size  Location     Type
		None
 Return value:  Size  Location     Type
                  1    wreg      void 
 Registers used:
		wreg, fsr0l, fsr0h, status,2, status,0, pclath, cstack
 Tracked objects:
		On entry : 
		On exit  : 
		Unchanged: 
 Data sizes:     COMMON   BANK0   BANK1   BANK3   BANK2
      Params:         0       0       0       0       0
      Locals:         0       0       0       0       0
      Temps:          6       0       0       0       0
      Totals:         6       0       0       0       0
Total ram usage:        6 bytes
 Hardware stack levels used:    1
 Hardware stack levels required when called:    1
 This function calls:
		_lookup
 This function is called by:
		Interrupt level 1
 This function uses a non-reentrant model


 *************** function _lookup *****************
 Defined at:
		line 152 in file "Lab2_ver2.c"
 Parameters:    Size  Location     Type
  num             1    wreg     unsigned char 
 Auto vars:     Size  Location     Type
  num             1    2[COMMON] unsigned char 
 Return value:  Size  Location     Type
                  1    wreg      unsigned char 
 Registers used:
		wreg, fsr0l, fsr0h, status,2, status,0
 Tracked objects:
		On entry : 
		On exit  : 
		Unchanged: 
 Data sizes:     COMMON   BANK0   BANK1   BANK3   BANK2
      Params:         0       0       0       0       0
      Locals:         1       0       0       0       0
      Temps:          2       0       0       0       0
      Totals:         3       0       0       0       0
Total ram usage:        3 bytes
 Hardware stack levels used:    1
 This function calls:
		Nothing
 This function is called by:
		_isr
 This function uses a non-reentrant model



MODULE INFORMATION

Module		Function		Class		Link	Load	Size
lib_adc.c
		_adcFoscSel    		CODE           	027E	0000	32
		_adcSetup      		CODE           	02C0	0000	11
		_analogInSel   		CODE           	0197	0000	86

lib_adc.c estimated size: 129

shared
		__initialization		CODE           	0011	0000	21

shared estimated size: 21

lib_osccon.c
		_oscInt        		CODE           	00B7	0000	120

lib_osccon.c estimated size: 120

Lab2_ver2.c
		_intEnable     		CODE           	02CA	0000	9
		_lookup        		CODE           	0029	0000	143
		_main          		CODE           	01EC	0000	80
		_isr           		CODE           	012E	0000	106
		_timerSetup    		CODE           	02B1	0000	16
		_delay_ms      		CODE           	023B	0000	68
		_setup         		CODE           	029D	0000	21

Lab2_ver2.c estimated size: 443

